[ec2-user@ip-10-1-10-212 ~]$ mysql -h duc-primary-db.cs0gz6bbbwvl.us-east-1.rds.amazonaws.com -u admin -p
Enter password:
Welcome to the MySQL monitor.  Commands end with ; or \g.
Your MySQL connection id is 45
Server version: 8.0.39 Source distribution

Copyright (c) 2000, 2023, Oracle and/or its affiliates.

Oracle is a registered trademark of Oracle Corporation and/or its
affiliates. Other names may be trademarks of their respective
owners.

Type 'help;' or '\h' for help. Type '\c' to clear the current input statement.

mysql> USE udacity;
Database changed
mysql> CREATE TABLE duc_things (
    ->     id INT AUTO_INCREMENT PRIMARY KEY,
    ->     name VARCHAR(50),
    ->     count INT
    -> );
Query OK, 0 rows affected (0.08 sec)

mysql>
mysql> INSERT INTO duc_things (name, count VALUES ('Books', 10), ('Bike', 1);
ERROR 1064 (42000): You have an error in your SQL syntax; check the manual that corresponds to your MySQL server version for the right syntax to use near 'VALUES ('Books', 10), ('Bike', 1)' at line 1
mysql> INSERT INTO duc_things (name, count VALUES ('Books', 10), ('Bike', 1);
ERROR 1064 (42000): You have an error in your SQL syntax; check the manual that corresponds to your MySQL server version for the right syntax to use near 'VALUES ('Books', 10), ('Bike', 1)' at line 1
mysql> INSERT INTO duc_things (name, count) VALUES ('Books', 10), ('Bike', 1);
Query OK, 2 rows affected (0.01 sec)
Records: 2  Duplicates: 0  Warnings: 0

mysql> ^M
mysql> SELECT * FROM duc_things;
+----+-------+-------+
| id | name  | count |
+----+-------+-------+
|  1 | Books |    10 |
|  2 | Bike  |     1 |
+----+-------+-------+
2 rows in set (0.00 sec)

mysql>